2026-10-02T10:30:17.0321312+03:00 Инициализация драйвера анализатора Sysmex cs-2000i выполнена.
2026-10-02T10:30:17.0612457+03:00 Очередь сырых результатов запущена: E:\Services\Sysmex cs2000i\Sysmex cs-2000i\Results.
2026-10-02T10:30:17.0775911+03:00 Host Online драйвер Sysmex cs-2000i запущен; ResultHandlerStatus=True.
2026-10-02T10:30:17.1411012+03:00 Очередь сырых результатов остановлена: E:\Services\Sysmex cs2000i\Sysmex cs-2000i\Results.
2026-10-02T10:45:13.6583300+03:00 Инициализация драйвера анализатора Sysmex cs-2000i выполнена.
2026-10-02T10:45:13.7772522+03:00 Очередь сырых результатов запущена: E:\Services\Sysmex cs2000i\Sysmex cs-2000i\Results.
2026-10-02T10:45:13.7950951+03:00 Host Online драйвер Sysmex cs-2000i запущен; ResultHandlerStatus=True.
2026-10-02T10:45:13.8576518+03:00 Sysmex cs-2000i: драйвер и TCP listener запущены.
2026-10-02T12:18:33.2147224+03:00 Инициализация драйвера анализатора Sysmex cs-2000i выполнена.
2026-10-02T12:18:33.2606226+03:00 Очередь сырых результатов запущена: E:\Services\Sysmex cs2000i\Sysmex cs-2000i\Results.
2026-10-02T12:18:33.2754187+03:00 Host Online драйвер Sysmex cs-2000i запущен; ResultHandlerStatus=True.
2026-10-02T12:18:33.3346283+03:00 Sysmex cs-2000i: драйвер и TCP listener запущены.
2026-10-02T12:37:31.9232519+03:00 Инициализация драйвера анализатора Sysmex cs-2000i выполнена.
2026-10-02T12:37:31.9526681+03:00 Очередь сырых результатов запущена: E:\Services\Sysmex cs2000i\Sysmex cs-2000i\Results.
2026-10-02T12:37:31.9701329+03:00 Host Online драйвер Sysmex cs-2000i запущен; ResultHandlerStatus=True.
2026-10-02T12:37:32.0326573+03:00 Sysmex cs-2000i: драйвер и TCP listener запущены.
2026-10-02T12:38:46.2477470+03:00 Инициализация драйвера анализатора Sysmex cs-2000i выполнена.
2026-10-02T12:38:46.2747681+03:00 Очередь сырых результатов запущена: E:\Services\Sysmex cs2000i\Sysmex cs-2000i\Results.
2026-10-02T12:38:46.3110936+03:00 Host Online драйвер Sysmex cs-2000i запущен; ResultHandlerStatus=True.
2026-10-02T12:38:46.4198193+03:00 Очередь сырых результатов остановлена: E:\Services\Sysmex cs2000i\Sysmex cs-2000i\Results.
2026-10-02T12:39:00.2967673+03:00 Инициализация драйвера анализатора Sysmex cs-2000i выполнена.
2026-10-02T12:39:00.3247197+03:00 Очередь сырых результатов запущена: E:\Services\Sysmex cs2000i\Sysmex cs-2000i\Results.
2026-10-02T12:39:00.3428174+03:00 Host Online драйвер Sysmex cs-2000i запущен; ResultHandlerStatus=True.
2026-10-02T12:39:00.4116810+03:00 Очередь сырых результатов остановлена: E:\Services\Sysmex cs2000i\Sysmex cs-2000i\Results.
2026-10-02T12:40:01.9084154+03:00 Инициализация драйвера анализатора Sysmex cs-2000i выполнена.
2026-10-02T12:40:01.9366121+03:00 Очередь сырых результатов запущена: E:\Services\Sysmex cs2000i\Sysmex cs-2000i\Results.
2026-10-02T12:40:01.9534164+03:00 Host Online драйвер Sysmex cs-2000i запущен; ResultHandlerStatus=True.
2026-10-02T12:40:02.0168905+03:00 Sysmex cs-2000i: драйвер и TCP listener запущены.
2026-10-02T13:04:18.4416710+03:00 Инициализация драйвера анализатора Sysmex cs-2000i выполнена.
2026-10-02T13:04:18.4872432+03:00 Очередь сырых результатов запущена: E:\Services\Sysmex cs2000i\Sysmex cs-2000i\Results.
2026-10-02T13:04:18.5062858+03:00 Host Online драйвер Sysmex cs-2000i запущен; ResultHandlerStatus=True.
2026-10-02T13:04:18.5701740+03:00 Sysmex cs-2000i: драйвер и TCP listener запущены.
2026-10-02T14:27:54.0921567+03:00 Инициализация драйвера анализатора Sysmex cs-2000i выполнена.
2026-10-02T14:27:54.1540828+03:00 Очередь сырых результатов запущена: E:\Services\Sysmex cs2000i\Sysmex cs-2000i\Results.
2026-10-02T14:27:54.1736764+03:00 Host Online драйвер Sysmex cs-2000i запущен; ResultHandlerStatus=True.
2026-10-02T14:27:54.2361096+03:00 Sysmex cs-2000i: драйвер и TCP listener запущены.
2026-10-02T16:24:14.9876678+03:00 Инициализация драйвера анализатора Sysmex cs-2000i выполнена.
2026-10-02T16:24:15.0453673+03:00 Очередь сырых результатов запущена: E:\Services\Sysmex cs2000i\Sysmex cs-2000i\Results.
2026-10-02T16:24:15.0629351+03:00 Host Online драйвер Sysmex cs-2000i запущен; ResultHandlerStatus=True.
2026-10-02T16:24:15.1271934+03:00 Sysmex cs-2000i: драйвер и TCP listener запущены.
2026-10-02T16:32:58.8500450+03:00 Инициализация драйвера анализатора Sysmex cs-2000i выполнена.
2026-10-02T16:32:58.8763056+03:00 Очередь сырых результатов запущена: E:\Services\Sysmex cs2000i\Sysmex cs-2000i\Results.
2026-10-02T16:32:58.8968999+03:00 Host Online драйвер Sysmex cs-2000i запущен; ResultHandlerStatus=True.
2026-10-02T16:32:58.9629798+03:00 Sysmex cs-2000i: драйвер и TCP listener запущены.
