2026-10-02T11:47:55.9410626+03:00 Сырой результат 9000003160 сохранён: E:\Services\Sysmex cs2000i\Sysmex cs-2000i\Results\SYS2000_9000003160_202610020847559275579_8bca2cb8b2944b7fbf339cb109f98657.raw, 114 байт.
2026-10-02T11:47:56.0371916+03:00 Код 391 не сопоставлен с PSMV2.
2026-10-02T11:47:56.0521636+03:00 Код 392 не сопоставлен с PSMV2.
2026-10-02T11:47:56.0717156+03:00 Код 401 не сопоставлен с PSMV2.
2026-10-02T11:47:56.0896345+03:00 Код 402 не сопоставлен с PSMV2.
2026-10-02T11:47:56.2206815+03:00 Код 661 не сопоставлен с PSMV2.
2026-10-02T11:47:56.2362903+03:00 Код 662 не сопоставлен с PSMV2.
2026-10-02T11:48:01.7233681+03:00 Файл перемещён: E:\Services\Sysmex cs2000i\Sysmex cs-2000i\Results\errors\SYS2000_9000003160_202610020847559275579_8bca2cb8b2944b7fbf339cb109f98657.raw.
2026-10-02T12:01:01.4526069+03:00 Сырой контроль QC   CtlN507931 сохранён без преобразования: E:\Services\Sysmex cs2000i\Sysmex cs-2000i\Results\QualityControl\SYS2000_QC_QC___CtlN507931_202610020901014310328_dab0dbb48563411bbce553fe50807698.raw, 87 байт.
2026-10-02T12:02:21.6471525+03:00 Сырой контроль QC   CtlP556730 сохранён без преобразования: E:\Services\Sysmex cs2000i\Sysmex cs-2000i\Results\QualityControl\SYS2000_QC_QC___CtlP556730_202610020902212622804_7705959bc73940b28ee7bccc349b0060.raw, 87 байт.
2026-10-02T13:00:01.4683112+03:00 Сырой результат 2248480500 сохранён: E:\Services\Sysmex cs2000i\Sysmex cs-2000i\Results\SYS2000_2248480500_202610021000014555388_4c26894a46094c35b6710adc8575777b.raw, 78 байт.
2026-10-02T13:00:01.5497186+03:00 Код 391 не сопоставлен с PSMV2.
2026-10-02T13:00:01.5868336+03:00 Host Online: создано результатов 1 для 2248480500.
2026-10-02T13:00:01.6038711+03:00 Сырой файл обработан: E:\Services\Sysmex cs2000i\Sysmex cs-2000i\Results\SYS2000_2248480500_202610021000014555388_4c26894a46094c35b6710adc8575777b.raw.
2026-10-02T13:00:01.6219912+03:00 Файл перемещён: E:\Services\Sysmex cs2000i\Sysmex cs-2000i\Results\archive\SYS2000_2248480500_202610021000014555388_4c26894a46094c35b6710adc8575777b.raw.
2026-10-02T13:00:41.1988247+03:00 Сырой результат 2248600300 сохранён: E:\Services\Sysmex cs2000i\Sysmex cs-2000i\Results\SYS2000_2248600300_202610021000411876843_20123adf180449adbe940ec3f28e55b5.raw, 78 байт.
2026-10-02T13:00:41.2223386+03:00 Код 391 не сопоставлен с PSMV2.
2026-10-02T13:00:41.2558843+03:00 Host Online: создано результатов 1 для 2248600300.
2026-10-02T13:00:41.2717026+03:00 Сырой файл обработан: E:\Services\Sysmex cs2000i\Sysmex cs-2000i\Results\SYS2000_2248600300_202610021000411876843_20123adf180449adbe940ec3f28e55b5.raw.
2026-10-02T13:00:41.3071560+03:00 Файл перемещён: E:\Services\Sysmex cs2000i\Sysmex cs-2000i\Results\archive\SYS2000_2248600300_202610021000411876843_20123adf180449adbe940ec3f28e55b5.raw.
2026-10-02T13:03:21.3555437+03:00 Сырой результат 2248480500 сохранён: E:\Services\Sysmex cs2000i\Sysmex cs-2000i\Results\SYS2000_2248480500_202610021003213453910_704fcfaf79e542acb53b56d94f675a8b.raw, 78 байт.
2026-10-02T13:03:21.3778795+03:00 Код 401 не сопоставлен с PSMV2.
2026-10-02T13:03:21.4332696+03:00 Код 402 не сопоставлен с PSMV2.
2026-10-02T13:03:21.7831259+03:00 Код 401 не сопоставлен с PSMV2.
2026-10-02T13:03:21.8055761+03:00 Код 402 не сопоставлен с PSMV2.
2026-10-02T13:03:26.1707625+03:00 Файл перемещён: E:\Services\Sysmex cs2000i\Sysmex cs-2000i\Results\errors\SYS2000_2248480500_202610021003213453910_704fcfaf79e542acb53b56d94f675a8b.raw.
2026-10-02T13:08:47.6980804+03:00 Код 391 не сопоставлен с PSMV2.
2026-10-02T13:08:47.7445863+03:00 Host Online: создано результатов 1 для 2248480500.
2026-10-02T13:08:47.7629740+03:00 Сырой файл обработан: E:\Services\Sysmex cs2000i\Sysmex cs-2000i\Results\SYS2000_2248480500_202610021000014555388_4c26894a46094c35b6710adc8575777b.raw.
2026-10-02T13:08:47.7808274+03:00 Файл перемещён: E:\Services\Sysmex cs2000i\Sysmex cs-2000i\Results\archive\SYS2000_2248480500_202610021000014555388_4c26894a46094c35b6710adc8575777b.raw.
2026-10-02T13:36:00.2262655+03:00 Сырой контроль QC   CtlN507931 сохранён без преобразования: E:\Services\Sysmex cs2000i\Sysmex cs-2000i\Results\QualityControl\SYS2000_QC_QC___CtlN507931_202610021036002116056_1d6a9fd833a24a1fa21cfb4f4e33b11a.raw, 69 байт.
2026-10-02T13:36:39.9675394+03:00 Сырой контроль QC   CtlP556730 сохранён без преобразования: E:\Services\Sysmex cs2000i\Sysmex cs-2000i\Results\QualityControl\SYS2000_QC_QC___CtlP556730_202610021036399538371_91df46f6853c40dfb5c877d9fe71e68a.raw, 69 байт.
2026-10-02T13:48:02.6783937+03:00 Сырой результат 2248724700 сохранён: E:\Services\Sysmex cs2000i\Sysmex cs-2000i\Results\SYS2000_2248724700_202610021048026554123_56fc53aeedf44b57b884ce1378713df0.raw, 60 байт.
2026-10-02T13:48:02.7741896+03:00 Файл перемещён: E:\Services\Sysmex cs2000i\Sysmex cs-2000i\Results\errors\SYS2000_2248724700_202610021048026554123_56fc53aeedf44b57b884ce1378713df0.raw.
2026-10-02T13:54:03.2442750+03:00 Сырой результат Ibrashim сохранён: E:\Services\Sysmex cs2000i\Sysmex cs-2000i\Results\SYS2000_Ibrashim_202610021054032317366_8348bc8bcb604130a90fe97879713f82.raw, 78 байт.
2026-10-02T13:54:03.3112841+03:00 Код 391 не сопоставлен с PSMV2.
2026-10-02T13:54:03.3398569+03:00 Host Online: создано результатов 1 для Ibrashim.
2026-10-02T13:54:03.3564167+03:00 Сырой файл обработан: E:\Services\Sysmex cs2000i\Sysmex cs-2000i\Results\SYS2000_Ibrashim_202610021054032317366_8348bc8bcb604130a90fe97879713f82.raw.
2026-10-02T13:54:03.3730408+03:00 Файл перемещён: E:\Services\Sysmex cs2000i\Sysmex cs-2000i\Results\archive\SYS2000_Ibrashim_202610021054032317366_8348bc8bcb604130a90fe97879713f82.raw.
2026-10-02T13:55:43.2577694+03:00 Сырой результат 2248743200 сохранён: E:\Services\Sysmex cs2000i\Sysmex cs-2000i\Results\SYS2000_2248743200_202610021055432448832_9b13be2995ae458f8a63f8a49c544661.raw, 78 байт.
2026-10-02T13:55:43.3256470+03:00 Код 651 не сопоставлен с PSMV2.
2026-10-02T13:55:43.3621320+03:00 Host Online: создано результатов 1 для 2248743200.
2026-10-02T13:55:43.3773051+03:00 Сырой файл обработан: E:\Services\Sysmex cs2000i\Sysmex cs-2000i\Results\SYS2000_2248743200_202610021055432448832_9b13be2995ae458f8a63f8a49c544661.raw.
2026-10-02T13:55:43.3917076+03:00 Файл перемещён: E:\Services\Sysmex cs2000i\Sysmex cs-2000i\Results\archive\SYS2000_2248743200_202610021055432448832_9b13be2995ae458f8a63f8a49c544661.raw.
2026-10-02T14:14:19.0596359+03:00 Сырой результат 2248480500 сохранён: E:\Services\Sysmex cs2000i\Sysmex cs-2000i\Results\SYS2000_2248480500_202610021114190472295_40ee8530c6b24efea7f6ec9050f899f0.raw, 78 байт.
2026-10-02T14:14:19.1205735+03:00 Код 391 не сопоставлен с PSMV2.
2026-10-02T14:14:19.1483731+03:00 Host Online: создано результатов 1 для 2248480500.
2026-10-02T14:14:19.1648030+03:00 Сырой файл обработан: E:\Services\Sysmex cs2000i\Sysmex cs-2000i\Results\SYS2000_2248480500_202610021114190472295_40ee8530c6b24efea7f6ec9050f899f0.raw.
2026-10-02T14:14:19.1807335+03:00 Файл перемещён: E:\Services\Sysmex cs2000i\Sysmex cs-2000i\Results\archive\SYS2000_2248480500_202610021114190472295_40ee8530c6b24efea7f6ec9050f899f0.raw.
2026-10-02T14:28:10.5809383+03:00 Код 391 не сопоставлен с PSMV2.
2026-10-02T14:28:10.6234750+03:00 Host Online: создано результатов 1 для 2248480500.
2026-10-02T14:28:10.6393492+03:00 Сырой файл обработан: E:\Services\Sysmex cs2000i\Sysmex cs-2000i\Results\SYS2000_2248480500_202610021000014555388_4c26894a46094c35b6710adc8575777b.raw.
2026-10-02T14:28:10.6532308+03:00 Файл перемещён: E:\Services\Sysmex cs2000i\Sysmex cs-2000i\Results\archive\SYS2000_2248480500_202610021000014555388_4c26894a46094c35b6710adc8575777b.raw.
2026-10-02T14:41:53.4559154+03:00 Сырой результат 2248480500 сохранён: E:\Services\Sysmex cs2000i\Sysmex cs-2000i\Results\SYS2000_2248480500_202610021141534462742_394192d522de43e9aa23b91a6559c577.raw, 78 байт.
2026-10-02T14:41:53.5183904+03:00 Код 391 не сопоставлен с PSMV2.
2026-10-02T14:41:53.5917002+03:00 Host Online: создано результатов 1 для 2248480500.
2026-10-02T14:41:53.6112825+03:00 Сырой файл обработан: E:\Services\Sysmex cs2000i\Sysmex cs-2000i\Results\SYS2000_2248480500_202610021141534462742_394192d522de43e9aa23b91a6559c577.raw.
2026-10-02T14:41:53.6292385+03:00 Файл перемещён: E:\Services\Sysmex cs2000i\Sysmex cs-2000i\Results\archive\SYS2000_2248480500_202610021141534462742_394192d522de43e9aa23b91a6559c577.raw.
2026-10-02T14:54:24.1552792+03:00 Сырой результат 2248767400 сохранён: E:\Services\Sysmex cs2000i\Sysmex cs-2000i\Results\SYS2000_2248767400_202610021154241434513_c91ad2e3672140cdb548faf4e4ed86e4.raw, 78 байт.
2026-10-02T14:54:24.1913238+03:00 Код 401 не сопоставлен с PSMV2.
2026-10-02T14:54:24.2524961+03:00 Код 402 не сопоставлен с PSMV2.
2026-10-02T14:54:24.3037929+03:00 Файл перемещён: E:\Services\Sysmex cs2000i\Sysmex cs-2000i\Results\errors\SYS2000_2248767400_202610021154241434513_c91ad2e3672140cdb548faf4e4ed86e4.raw.
2026-10-02T14:55:43.9603764+03:00 Сырой результат 2248767400 сохранён: E:\Services\Sysmex cs2000i\Sysmex cs-2000i\Results\SYS2000_2248767400_202610021155439482238_c726f289b1ac433fbe464835677b812c.raw, 78 байт.
2026-10-02T14:55:44.0211676+03:00 Код 401 не сопоставлен с PSMV2.
2026-10-02T14:55:44.0517266+03:00 Код 402 не сопоставлен с PSMV2.
2026-10-02T14:55:44.0886439+03:00 Файл перемещён: E:\Services\Sysmex cs2000i\Sysmex cs-2000i\Results\errors\SYS2000_2248767400_202610021155439482238_c726f289b1ac433fbe464835677b812c.raw.
2026-10-02T15:00:43.8955553+03:00 Сырой результат 2248480500 сохранён: E:\Services\Sysmex cs2000i\Sysmex cs-2000i\Results\SYS2000_2248480500_202610021200438839254_280d58a05dd4451eaa060fdab872632f.raw, 78 байт.
2026-10-02T15:00:43.9644027+03:00 Код 391 не сопоставлен с PSMV2.
2026-10-02T15:00:44.0211046+03:00 Host Online: создано результатов 1 для 2248480500.
2026-10-02T15:00:44.0394597+03:00 Сырой файл обработан: E:\Services\Sysmex cs2000i\Sysmex cs-2000i\Results\SYS2000_2248480500_202610021200438839254_280d58a05dd4451eaa060fdab872632f.raw.
2026-10-02T15:00:44.0585008+03:00 Файл перемещён: E:\Services\Sysmex cs2000i\Sysmex cs-2000i\Results\archive\SYS2000_2248480500_202610021200438839254_280d58a05dd4451eaa060fdab872632f.raw.
2026-10-02T16:35:47.6498249+03:00 Сырой результат 2248724700 сохранён: E:\Services\Sysmex cs2000i\Sysmex cs-2000i\Results\SYS2000_2248724700_202610021335476298545_99eb5d4646f740729f67f6b2c6d1cd1a.raw, 78 байт.
2026-10-02T16:35:48.0158445+03:00 Код 881 не сопоставлен с PSMV2.
2026-10-02T16:35:48.0582850+03:00 Host Online: создано результатов 1 для 2248724700.
2026-10-02T16:35:48.0735515+03:00 Сырой файл обработан: E:\Services\Sysmex cs2000i\Sysmex cs-2000i\Results\SYS2000_2248724700_202610021335476298545_99eb5d4646f740729f67f6b2c6d1cd1a.raw.
2026-10-02T16:35:48.0902975+03:00 Файл перемещён: E:\Services\Sysmex cs2000i\Sysmex cs-2000i\Results\archive\SYS2000_2248724700_202610021335476298545_99eb5d4646f740729f67f6b2c6d1cd1a.raw.
2026-10-02T16:39:07.6054394+03:00 Сырой результат 2248743200 сохранён: E:\Services\Sysmex cs2000i\Sysmex cs-2000i\Results\SYS2000_2248743200_202610021339075898977_18bae78246504170837a8a4f575477cd.raw, 96 байт.
2026-10-02T16:39:07.6676882+03:00 Код 651 не сопоставлен с PSMV2.
2026-10-02T16:39:07.6857506+03:00 Код 881 не сопоставлен с PSMV2.
2026-10-02T16:39:07.7599006+03:00 Host Online: создано результатов 2 для 2248743200.
2026-10-02T16:39:07.7767055+03:00 Сырой файл обработан: E:\Services\Sysmex cs2000i\Sysmex cs-2000i\Results\SYS2000_2248743200_202610021339075898977_18bae78246504170837a8a4f575477cd.raw.
2026-10-02T16:39:07.7925564+03:00 Файл перемещён: E:\Services\Sysmex cs2000i\Sysmex cs-2000i\Results\archive\SYS2000_2248743200_202610021339075898977_18bae78246504170837a8a4f575477cd.raw.
2026-10-02T17:45:47.1740083+03:00 Сырой результат 2248263900 сохранён: E:\Services\Sysmex cs2000i\Sysmex cs-2000i\Results\SYS2000_2248263900_202610021445471650032_bc68eeb48cb34d52ac59077ab9801356.raw, 96 байт.
2026-10-02T17:45:47.2021825+03:00 Код 651 не сопоставлен с PSMV2.
2026-10-02T17:45:47.2406381+03:00 Код 881 не сопоставлен с PSMV2.
2026-10-02T17:45:47.2779691+03:00 Host Online: создано результатов 2 для 2248263900.
2026-10-02T17:45:47.2958992+03:00 Сырой файл обработан: E:\Services\Sysmex cs2000i\Sysmex cs-2000i\Results\SYS2000_2248263900_202610021445471650032_bc68eeb48cb34d52ac59077ab9801356.raw.
2026-10-02T17:45:47.3116051+03:00 Файл перемещён: E:\Services\Sysmex cs2000i\Sysmex cs-2000i\Results\archive\SYS2000_2248263900_202610021445471650032_bc68eeb48cb34d52ac59077ab9801356.raw.
2026-10-02T17:52:39.9695706+03:00 Сырой результат 2248263900 сохранён: E:\Services\Sysmex cs2000i\Sysmex cs-2000i\Results\SYS2000_2248263900_202610021452399594753_61edf01f76f74aefaec364959e2e1206.raw, 96 байт.
2026-10-02T17:52:39.9961460+03:00 Код 651 не сопоставлен с PSMV2.
2026-10-02T17:52:40.0574196+03:00 Код 881 не сопоставлен с PSMV2.
2026-10-02T17:52:40.0876125+03:00 Host Online: создано результатов 2 для 2248263900.
2026-10-02T17:52:40.1045904+03:00 Сырой файл обработан: E:\Services\Sysmex cs2000i\Sysmex cs-2000i\Results\SYS2000_2248263900_202610021452399594753_61edf01f76f74aefaec364959e2e1206.raw.
2026-10-02T17:52:40.1232880+03:00 Файл перемещён: E:\Services\Sysmex cs2000i\Sysmex cs-2000i\Results\archive\SYS2000_2248263900_202610021452399594753_61edf01f76f74aefaec364959e2e1206.raw.
2026-10-02T17:53:39.9522660+03:00 Сырой результат 2248276000 сохранён: E:\Services\Sysmex cs2000i\Sysmex cs-2000i\Results\SYS2000_2248276000_202610021453399428946_895e74059ef147eeadcdccca2dd24074.raw, 96 байт.
2026-10-02T17:53:39.9726774+03:00 Код 651 не сопоставлен с PSMV2.
2026-10-02T17:53:40.0354434+03:00 Код 881 не сопоставлен с PSMV2.
2026-10-02T17:53:40.0623029+03:00 Host Online: создано результатов 2 для 2248276000.
2026-10-02T17:53:40.0795752+03:00 Сырой файл обработан: E:\Services\Sysmex cs2000i\Sysmex cs-2000i\Results\SYS2000_2248276000_202610021453399428946_895e74059ef147eeadcdccca2dd24074.raw.
2026-10-02T17:53:40.0933616+03:00 Файл перемещён: E:\Services\Sysmex cs2000i\Sysmex cs-2000i\Results\archive\SYS2000_2248276000_202610021453399428946_895e74059ef147eeadcdccca2dd24074.raw.
2026-10-02T17:54:59.9760349+03:00 Сырой результат 2248417700 сохранён: E:\Services\Sysmex cs2000i\Sysmex cs-2000i\Results\SYS2000_2248417700_202610021454599654289_2e904d0ef6c74f8193327e1a3e4f9c28.raw, 96 байт.
2026-10-02T17:55:00.0343893+03:00 Код 651 не сопоставлен с PSMV2.
2026-10-02T17:55:00.0565240+03:00 Код 881 не сопоставлен с PSMV2.
2026-10-02T17:55:00.0881259+03:00 Host Online: создано результатов 2 для 2248417700.
2026-10-02T17:55:00.1094956+03:00 Сырой файл обработан: E:\Services\Sysmex cs2000i\Sysmex cs-2000i\Results\SYS2000_2248417700_202610021454599654289_2e904d0ef6c74f8193327e1a3e4f9c28.raw.
2026-10-02T17:55:00.1257355+03:00 Файл перемещён: E:\Services\Sysmex cs2000i\Sysmex cs-2000i\Results\archive\SYS2000_2248417700_202610021454599654289_2e904d0ef6c74f8193327e1a3e4f9c28.raw.
2026-10-02T17:57:19.9470485+03:00 Сырой результат 2248735100 сохранён: E:\Services\Sysmex cs2000i\Sysmex cs-2000i\Results\SYS2000_2248735100_202610021457199372523_bedc87e0723b499db2d9b69ffd70bf07.raw, 96 байт.
2026-10-02T17:57:19.9672224+03:00 Код 651 не сопоставлен с PSMV2.
2026-10-02T17:57:20.0280859+03:00 Код 881 не сопоставлен с PSMV2.
2026-10-02T17:57:20.0555764+03:00 Host Online: создано результатов 2 для 2248735100.
2026-10-02T17:57:20.0721302+03:00 Сырой файл обработан: E:\Services\Sysmex cs2000i\Sysmex cs-2000i\Results\SYS2000_2248735100_202610021457199372523_bedc87e0723b499db2d9b69ffd70bf07.raw.
2026-10-02T17:57:20.0884155+03:00 Файл перемещён: E:\Services\Sysmex cs2000i\Sysmex cs-2000i\Results\archive\SYS2000_2248735100_202610021457199372523_bedc87e0723b499db2d9b69ffd70bf07.raw.
2026-10-02T17:59:39.9430300+03:00 Сырой результат 2248419600 сохранён: E:\Services\Sysmex cs2000i\Sysmex cs-2000i\Results\SYS2000_2248419600_202610021459399326452_ef05c676bfa7458ca3b1bc67d02385e7.raw, 96 байт.
2026-10-02T17:59:39.9645380+03:00 Код 651 не сопоставлен с PSMV2.
2026-10-02T17:59:40.0261067+03:00 Код 881 не сопоставлен с PSMV2.
2026-10-02T17:59:40.0551570+03:00 Host Online: создано результатов 2 для 2248419600.
2026-10-02T17:59:40.0722262+03:00 Сырой файл обработан: E:\Services\Sysmex cs2000i\Sysmex cs-2000i\Results\SYS2000_2248419600_202610021459399326452_ef05c676bfa7458ca3b1bc67d02385e7.raw.
2026-10-02T17:59:40.0904912+03:00 Файл перемещён: E:\Services\Sysmex cs2000i\Sysmex cs-2000i\Results\archive\SYS2000_2248419600_202610021459399326452_ef05c676bfa7458ca3b1bc67d02385e7.raw.
2026-10-02T18:01:59.9450128+03:00 Сырой результат 2248623400 сохранён: E:\Services\Sysmex cs2000i\Sysmex cs-2000i\Results\SYS2000_2248623400_202610021501599334901_1c417d2bc0154f95a2c92da1ae3bfda7.raw, 96 байт.
2026-10-02T18:01:59.9670434+03:00 Код 651 не сопоставлен с PSMV2.
2026-10-02T18:02:00.0381760+03:00 Код 881 не сопоставлен с PSMV2.
2026-10-02T18:02:00.0682950+03:00 Host Online: создано результатов 2 для 2248623400.
2026-10-02T18:02:00.0857861+03:00 Сырой файл обработан: E:\Services\Sysmex cs2000i\Sysmex cs-2000i\Results\SYS2000_2248623400_202610021501599334901_1c417d2bc0154f95a2c92da1ae3bfda7.raw.
2026-10-02T18:02:00.1051061+03:00 Файл перемещён: E:\Services\Sysmex cs2000i\Sysmex cs-2000i\Results\archive\SYS2000_2248623400_202610021501599334901_1c417d2bc0154f95a2c92da1ae3bfda7.raw.
2026-10-02T18:04:19.9511684+03:00 Сырой результат 2248624200 сохранён: E:\Services\Sysmex cs2000i\Sysmex cs-2000i\Results\SYS2000_2248624200_202610021504199411674_262d583d830640dbb49a724fe6f0d7ec.raw, 96 байт.
2026-10-02T18:04:20.0146611+03:00 Код 651 не сопоставлен с PSMV2.
2026-10-02T18:04:20.0337765+03:00 Код 881 не сопоставлен с PSMV2.
2026-10-02T18:04:20.0612198+03:00 Host Online: создано результатов 2 для 2248624200.
2026-10-02T18:04:20.0764808+03:00 Сырой файл обработан: E:\Services\Sysmex cs2000i\Sysmex cs-2000i\Results\SYS2000_2248624200_202610021504199411674_262d583d830640dbb49a724fe6f0d7ec.raw.
2026-10-02T18:04:20.0952086+03:00 Файл перемещён: E:\Services\Sysmex cs2000i\Sysmex cs-2000i\Results\archive\SYS2000_2248624200_202610021504199411674_262d583d830640dbb49a724fe6f0d7ec.raw.
2026-10-02T18:06:40.0239484+03:00 Сырой результат 2248625500 сохранён: E:\Services\Sysmex cs2000i\Sysmex cs-2000i\Results\SYS2000_2248625500_202610021506400113437_ee8102d1a2b14e0581ac59117ac41c85.raw, 96 байт.
2026-10-02T18:06:40.0932891+03:00 Код 651 не сопоставлен с PSMV2.
2026-10-02T18:06:40.1132147+03:00 Код 881 не сопоставлен с PSMV2.
2026-10-02T18:06:40.1521360+03:00 Host Online: создано результатов 2 для 2248625500.
2026-10-02T18:06:40.1671154+03:00 Сырой файл обработан: E:\Services\Sysmex cs2000i\Sysmex cs-2000i\Results\SYS2000_2248625500_202610021506400113437_ee8102d1a2b14e0581ac59117ac41c85.raw.
2026-10-02T18:06:40.1863945+03:00 Файл перемещён: E:\Services\Sysmex cs2000i\Sysmex cs-2000i\Results\archive\SYS2000_2248625500_202610021506400113437_ee8102d1a2b14e0581ac59117ac41c85.raw.
2026-10-02T18:08:59.9795162+03:00 Сырой результат 2248696200 сохранён: E:\Services\Sysmex cs2000i\Sysmex cs-2000i\Results\SYS2000_2248696200_202610021508599696560_ff4dad7b6e694c31a032c26caf6ede65.raw, 96 байт.
2026-10-02T18:08:59.9996118+03:00 Код 651 не сопоставлен с PSMV2.
2026-10-02T18:09:00.0691782+03:00 Код 881 не сопоставлен с PSMV2.
2026-10-02T18:09:00.0993266+03:00 Host Online: создано результатов 2 для 2248696200.
2026-10-02T18:09:00.1185615+03:00 Сырой файл обработан: E:\Services\Sysmex cs2000i\Sysmex cs-2000i\Results\SYS2000_2248696200_202610021508599696560_ff4dad7b6e694c31a032c26caf6ede65.raw.
2026-10-02T18:09:00.1366038+03:00 Файл перемещён: E:\Services\Sysmex cs2000i\Sysmex cs-2000i\Results\archive\SYS2000_2248696200_202610021508599696560_ff4dad7b6e694c31a032c26caf6ede65.raw.
2026-10-02T18:23:05.3411846+03:00 Сырой результат Berbentsev_k сохранён: E:\Services\Sysmex cs2000i\Sysmex cs-2000i\Results\SYS2000_Berbentsev_k_202610021523053278600_2a0661a7b74b4ed4a08477d291dcca03.raw, 78 байт.
2026-10-02T18:23:05.4098169+03:00 Код 391 не сопоставлен с PSMV2.
2026-10-02T18:23:05.4394104+03:00 Host Online: создано результатов 1 для Berbentsev_k.
2026-10-02T18:23:05.4559716+03:00 Сырой файл обработан: E:\Services\Sysmex cs2000i\Sysmex cs-2000i\Results\SYS2000_Berbentsev_k_202610021523053278600_2a0661a7b74b4ed4a08477d291dcca03.raw.
2026-10-02T18:23:05.4724618+03:00 Файл перемещён: E:\Services\Sysmex cs2000i\Sysmex cs-2000i\Results\archive\SYS2000_Berbentsev_k_202610021523053278600_2a0661a7b74b4ed4a08477d291dcca03.raw.
2026-10-02T18:23:45.2815724+03:00 Сырой результат Berbentsev_mix сохранён: E:\Services\Sysmex cs2000i\Sysmex cs-2000i\Results\SYS2000_Berbentsev_mix_202610021523452698301_8b7bc45a488a4fe7adb99651c30a0f27.raw, 78 байт.
2026-10-02T18:23:45.2994300+03:00 Код 391 не сопоставлен с PSMV2.
2026-10-02T18:23:45.3626344+03:00 Host Online: создано результатов 1 для Berbentsev_mix.
2026-10-02T18:23:45.3792714+03:00 Сырой файл обработан: E:\Services\Sysmex cs2000i\Sysmex cs-2000i\Results\SYS2000_Berbentsev_mix_202610021523452698301_8b7bc45a488a4fe7adb99651c30a0f27.raw.
2026-10-02T18:23:45.3937201+03:00 Файл перемещён: E:\Services\Sysmex cs2000i\Sysmex cs-2000i\Results\archive\SYS2000_Berbentsev_mix_202610021523452698301_8b7bc45a488a4fe7adb99651c30a0f27.raw.
2026-10-02T18:24:25.3136069+03:00 Сырой результат 2248264400 сохранён: E:\Services\Sysmex cs2000i\Sysmex cs-2000i\Results\SYS2000_2248264400_202610021524253039840_5e574e8b39a84e2dad4385fda0e6b5ab.raw, 96 байт.
2026-10-02T18:24:25.3317207+03:00 Код 651 не сопоставлен с PSMV2.
2026-10-02T18:24:25.3964175+03:00 Код 881 не сопоставлен с PSMV2.
2026-10-02T18:24:25.4228432+03:00 Host Online: создано результатов 2 для 2248264400.
2026-10-02T18:24:25.4382757+03:00 Сырой файл обработан: E:\Services\Sysmex cs2000i\Sysmex cs-2000i\Results\SYS2000_2248264400_202610021524253039840_5e574e8b39a84e2dad4385fda0e6b5ab.raw.
2026-10-02T18:24:25.4544780+03:00 Файл перемещён: E:\Services\Sysmex cs2000i\Sysmex cs-2000i\Results\archive\SYS2000_2248264400_202610021524253039840_5e574e8b39a84e2dad4385fda0e6b5ab.raw.
2026-10-02T18:27:05.1618253+03:00 Сырой результат Ibrishim_k сохранён: E:\Services\Sysmex cs2000i\Sysmex cs-2000i\Results\SYS2000_Ibrishim_k_202610021527051490738_c9ca65e047a846d4b120b5cde526b045.raw, 78 байт.
2026-10-02T18:27:05.2250058+03:00 Код 391 не сопоставлен с PSMV2.
2026-10-02T18:27:05.2503265+03:00 Host Online: создано результатов 1 для Ibrishim_k.
2026-10-02T18:27:05.2672499+03:00 Сырой файл обработан: E:\Services\Sysmex cs2000i\Sysmex cs-2000i\Results\SYS2000_Ibrishim_k_202610021527051490738_c9ca65e047a846d4b120b5cde526b045.raw.
2026-10-02T18:27:05.2839432+03:00 Файл перемещён: E:\Services\Sysmex cs2000i\Sysmex cs-2000i\Results\archive\SYS2000_Ibrishim_k_202610021527051490738_c9ca65e047a846d4b120b5cde526b045.raw.
2026-10-02T18:27:45.2922146+03:00 Сырой результат Ibrishim_mix сохранён: E:\Services\Sysmex cs2000i\Sysmex cs-2000i\Results\SYS2000_Ibrishim_mix_202610021527452802728_21eddaf087fe483fb649822b127b472f.raw, 78 байт.
2026-10-02T18:27:45.3114745+03:00 Код 391 не сопоставлен с PSMV2.
2026-10-02T18:27:45.3707657+03:00 Host Online: создано результатов 1 для Ibrishim_mix.
2026-10-02T18:27:45.3875024+03:00 Сырой файл обработан: E:\Services\Sysmex cs2000i\Sysmex cs-2000i\Results\SYS2000_Ibrishim_mix_202610021527452802728_21eddaf087fe483fb649822b127b472f.raw.
2026-10-02T18:27:45.4033482+03:00 Файл перемещён: E:\Services\Sysmex cs2000i\Sysmex cs-2000i\Results\archive\SYS2000_Ibrishim_mix_202610021527452802728_21eddaf087fe483fb649822b127b472f.raw.
2026-10-02T18:35:25.3460366+03:00 Сырой результат 2248264400 сохранён: E:\Services\Sysmex cs2000i\Sysmex cs-2000i\Results\SYS2000_2248264400_202610021535253346600_3cfc020651b14908903140984088b340.raw, 96 байт.
2026-10-02T18:35:25.3680066+03:00 Код 661 не сопоставлен с PSMV2.
2026-10-02T18:35:25.4278207+03:00 Код 662 не сопоставлен с PSMV2.
2026-10-02T18:35:25.4456760+03:00 Код 871 не сопоставлен с PSMV2.
2026-10-02T18:35:25.4624375+03:00 Код 872 не сопоставлен с PSMV2.
2026-10-02T18:35:25.5000978+03:00 Файл перемещён: E:\Services\Sysmex cs2000i\Sysmex cs-2000i\Results\errors\SYS2000_2248264400_202610021535253346600_3cfc020651b14908903140984088b340.raw.
2026-10-02T18:36:45.3835982+03:00 Сырой результат 2248573900 сохранён: E:\Services\Sysmex cs2000i\Sysmex cs-2000i\Results\SYS2000_2248573900_202610021536453713738_42bd7fe9a3dd45aaa084b72891555c00.raw, 78 байт.
2026-10-02T18:36:45.4012923+03:00 Код 401 не сопоставлен с PSMV2.
2026-10-02T18:36:45.4600412+03:00 Код 402 не сопоставлен с PSMV2.
2026-10-02T18:36:45.4970629+03:00 Файл перемещён: E:\Services\Sysmex cs2000i\Sysmex cs-2000i\Results\errors\SYS2000_2248573900_202610021536453713738_42bd7fe9a3dd45aaa084b72891555c00.raw.
2026-10-02T18:37:05.2951675+03:00 Сырой результат Ibrishim_2 сохранён: E:\Services\Sysmex cs2000i\Sysmex cs-2000i\Results\SYS2000_Ibrishim_2_202610021537052739558_e9f9084af2144b508498c15f7b99282f.raw, 78 байт.
2026-10-02T18:37:05.3593478+03:00 Код 391 не сопоставлен с PSMV2.
2026-10-02T18:37:05.3880635+03:00 Host Online: создано результатов 1 для Ibrishim_2.
2026-10-02T18:37:05.4052916+03:00 Сырой файл обработан: E:\Services\Sysmex cs2000i\Sysmex cs-2000i\Results\SYS2000_Ibrishim_2_202610021537052739558_e9f9084af2144b508498c15f7b99282f.raw.
2026-10-02T18:37:05.4223087+03:00 Файл перемещён: E:\Services\Sysmex cs2000i\Sysmex cs-2000i\Results\archive\SYS2000_Ibrishim_2_202610021537052739558_e9f9084af2144b508498c15f7b99282f.raw.
2026-10-02T18:37:45.2895935+03:00 Сырой результат Ibrishim_4 сохранён: E:\Services\Sysmex cs2000i\Sysmex cs-2000i\Results\SYS2000_Ibrishim_4_202610021537452764088_969f9802cec347958f1cf9fde7f8f81e.raw, 78 байт.
2026-10-02T18:37:45.3293674+03:00 Код 391 не сопоставлен с PSMV2.
2026-10-02T18:37:45.3678633+03:00 Host Online: создано результатов 1 для Ibrishim_4.
2026-10-02T18:37:45.3841934+03:00 Сырой файл обработан: E:\Services\Sysmex cs2000i\Sysmex cs-2000i\Results\SYS2000_Ibrishim_4_202610021537452764088_969f9802cec347958f1cf9fde7f8f81e.raw.
2026-10-02T18:37:45.3993860+03:00 Файл перемещён: E:\Services\Sysmex cs2000i\Sysmex cs-2000i\Results\archive\SYS2000_Ibrishim_4_202610021537452764088_969f9802cec347958f1cf9fde7f8f81e.raw.
2026-10-02T18:38:25.2880797+03:00 Сырой результат Ibrishim_8 сохранён: E:\Services\Sysmex cs2000i\Sysmex cs-2000i\Results\SYS2000_Ibrishim_8_202610021538252789486_1700e2b927ef455593ffe22e42d2627e.raw, 78 байт.
2026-10-02T18:38:25.3077653+03:00 Код 391 не сопоставлен с PSMV2.
2026-10-02T18:38:25.3453418+03:00 Host Online: создано результатов 1 для Ibrishim_8.
2026-10-02T18:38:25.3625178+03:00 Сырой файл обработан: E:\Services\Sysmex cs2000i\Sysmex cs-2000i\Results\SYS2000_Ibrishim_8_202610021538252789486_1700e2b927ef455593ffe22e42d2627e.raw.
2026-10-02T18:38:25.3984161+03:00 Файл перемещён: E:\Services\Sysmex cs2000i\Sysmex cs-2000i\Results\archive\SYS2000_Ibrishim_8_202610021538252789486_1700e2b927ef455593ffe22e42d2627e.raw.
2026-10-02T18:39:05.2878604+03:00 Сырой результат Ibrishim_16 сохранён: E:\Services\Sysmex cs2000i\Sysmex cs-2000i\Results\SYS2000_Ibrishim_16_202610021539052715973_083b8372297a48aaa5491e25706f208f.raw, 78 байт.
2026-10-02T18:39:05.3076965+03:00 Код 391 не сопоставлен с PSMV2.
2026-10-02T18:39:05.3708065+03:00 Host Online: создано результатов 1 для Ibrishim_16.
2026-10-02T18:39:05.3847865+03:00 Сырой файл обработан: E:\Services\Sysmex cs2000i\Sysmex cs-2000i\Results\SYS2000_Ibrishim_16_202610021539052715973_083b8372297a48aaa5491e25706f208f.raw.
2026-10-02T18:39:05.4017042+03:00 Файл перемещён: E:\Services\Sysmex cs2000i\Sysmex cs-2000i\Results\archive\SYS2000_Ibrishim_16_202610021539052715973_083b8372297a48aaa5491e25706f208f.raw.
2026-10-02T19:00:28.7325226+03:00 Сырой результат 2248735100 сохранён: E:\Services\Sysmex cs2000i\Sysmex cs-2000i\Results\SYS2000_2248735100_202610021600287189454_bdb33bfbcdb4450a8a0fa0d1d43baefc.raw, 132 байт.
2026-10-02T19:00:28.7848786+03:00 Код 651 не сопоставлен с PSMV2.
2026-10-02T19:00:28.8363512+03:00 Код 661 не сопоставлен с PSMV2.
2026-10-02T19:00:28.8628825+03:00 Код 662 не сопоставлен с PSMV2.
2026-10-02T19:00:28.8814698+03:00 Код 871 не сопоставлен с PSMV2.
2026-10-02T19:00:28.9031632+03:00 Код 872 не сопоставлен с PSMV2.
2026-10-02T19:00:28.9292787+03:00 Код 881 не сопоставлен с PSMV2.
2026-10-02T19:00:28.9751858+03:00 Host Online: создано результатов 2 для 2248735100.
2026-10-02T19:00:28.9986689+03:00 Сырой файл обработан: E:\Services\Sysmex cs2000i\Sysmex cs-2000i\Results\SYS2000_2248735100_202610021600287189454_bdb33bfbcdb4450a8a0fa0d1d43baefc.raw.
2026-10-02T19:00:29.0245725+03:00 Файл перемещён: E:\Services\Sysmex cs2000i\Sysmex cs-2000i\Results\archive\SYS2000_2248735100_202610021600287189454_bdb33bfbcdb4450a8a0fa0d1d43baefc.raw.
2026-10-02T19:29:00.5368849+03:00 Сырой результат 2248735100 сохранён: E:\Services\Sysmex cs2000i\Sysmex cs-2000i\Results\SYS2000_2248735100_202610021629005260570_2d30adc7273c4206a8df269986b6f747.raw, 96 байт.
2026-10-02T19:29:00.5617498+03:00 Код 651 не сопоставлен с PSMV2.
2026-10-02T19:29:00.6003729+03:00 Код 881 не сопоставлен с PSMV2.
2026-10-02T19:29:00.6379810+03:00 Host Online: создано результатов 2 для 2248735100.
2026-10-02T19:29:00.6533736+03:00 Сырой файл обработан: E:\Services\Sysmex cs2000i\Sysmex cs-2000i\Results\SYS2000_2248735100_202610021629005260570_2d30adc7273c4206a8df269986b6f747.raw.
2026-10-02T19:29:00.6699283+03:00 Файл перемещён: E:\Services\Sysmex cs2000i\Sysmex cs-2000i\Results\archive\SYS2000_2248735100_202610021629005260570_2d30adc7273c4206a8df269986b6f747.raw.
2026-10-02T19:33:40.3982173+03:00 Сырой результат Grkikyan_k сохранён: E:\Services\Sysmex cs2000i\Sysmex cs-2000i\Results\SYS2000_Grkikyan_k_202610021633403861781_589e689773c545f7aa81d91a351df1ba.raw, 78 байт.
2026-10-02T19:33:40.4172330+03:00 Код 391 не сопоставлен с PSMV2.
2026-10-02T19:33:40.4817913+03:00 Host Online: создано результатов 1 для Grkikyan_k.
2026-10-02T19:33:40.4993859+03:00 Сырой файл обработан: E:\Services\Sysmex cs2000i\Sysmex cs-2000i\Results\SYS2000_Grkikyan_k_202610021633403861781_589e689773c545f7aa81d91a351df1ba.raw.
2026-10-02T19:33:40.5163005+03:00 Файл перемещён: E:\Services\Sysmex cs2000i\Sysmex cs-2000i\Results\archive\SYS2000_Grkikyan_k_202610021633403861781_589e689773c545f7aa81d91a351df1ba.raw.
2026-10-02T19:34:20.3954467+03:00 Сырой результат Grkikyan_mix сохранён: E:\Services\Sysmex cs2000i\Sysmex cs-2000i\Results\SYS2000_Grkikyan_mix_202610021634203840947_c38fb40edc9d4ec7be362bc947bc2904.raw, 78 байт.
2026-10-02T19:34:20.4660951+03:00 Код 391 не сопоставлен с PSMV2.
2026-10-02T19:34:20.4947964+03:00 Host Online: создано результатов 1 для Grkikyan_mix.
2026-10-02T19:34:20.5100782+03:00 Сырой файл обработан: E:\Services\Sysmex cs2000i\Sysmex cs-2000i\Results\SYS2000_Grkikyan_mix_202610021634203840947_c38fb40edc9d4ec7be362bc947bc2904.raw.
2026-10-02T19:34:20.5270581+03:00 Файл перемещён: E:\Services\Sysmex cs2000i\Sysmex cs-2000i\Results\archive\SYS2000_Grkikyan_mix_202610021634203840947_c38fb40edc9d4ec7be362bc947bc2904.raw.
