2026-10-02T11:03:58.4584525+03:00 RX: R2210101 021026110300000304     9000003160B               400      650      660      870      880      
2026-10-02T11:03:58.9143943+03:00 Задание 9000003160: исследование ЛИС ГЕ0235, код прибора=390, статус=NULL, попыток=0, результат=нет, решение=включён.
2026-10-02T11:03:58.9302650+03:00 Задание 9000003160: исследование ЛИС ГЕ0125, код прибора=нет, статус=NULL, попыток=0, результат=нет, решение=нет кода для прибора.
2026-10-02T11:03:58.9449744+03:00 Для 9000003160 найдено уникальных кодов задания из ЛИС: 1 [390].
2026-10-02T11:03:59.0021288+03:00 Задание 9000003160: кандидаты ЛИС=[390], коды S221=[390], блоков=1; ID Information=B, поле пациента='TEST MIKHAL IVA'.
2026-10-02T11:03:59.0228651+03:00 TX: S2210101U261002110300000304     9000003160BTEST MIKHAL IVA390      
2026-10-02T11:33:31.9458515+03:00 RX: R2210101 021026113300000404     9000003160B               400      650      660      870      880      
2026-10-02T11:33:31.9715713+03:00 Задание 9000003160: исследование ЛИС ГЕ0110, код прибора=660, статус=NULL, попыток=0, результат=нет, решение=включён.
2026-10-02T11:33:31.9905234+03:00 Задание 9000003160: исследование ЛИС ГЕ0215, код прибора=400, статус=NULL, попыток=0, результат=нет, решение=включён.
2026-10-02T11:33:32.0089107+03:00 Задание 9000003160: исследование ЛИС ГЕ0235, код прибора=390, статус=NULL, попыток=0, результат=нет, решение=включён.
2026-10-02T11:33:32.0289051+03:00 Для 9000003160 найдено уникальных кодов задания из ЛИС: 3 [660,400,390].
2026-10-02T11:33:32.0469655+03:00 Задание 9000003160: кандидаты ЛИС=[660,400,390], коды S221=[660,400,390], блоков=1; ID Information=B, поле пациента='TEST MIKHAL IVA'.
2026-10-02T11:33:32.0641282+03:00 TX: S2210101U261002113300000404     9000003160BTEST MIKHAL IVA660      400      390      
2026-10-02T11:47:38.8381808+03:00 RX: R2210101 021026114700000504     9000003160B               400      650      660      870      880      
2026-10-02T11:47:38.8937488+03:00 Задание 9000003160: исследование ЛИС ГЕ0110, код прибора=660, статус=NULL, попыток=0, результат=нет, решение=включён.
2026-10-02T11:47:38.9129263+03:00 Задание 9000003160: исследование ЛИС ГЕ0215, код прибора=400, статус=NULL, попыток=0, результат=нет, решение=включён.
2026-10-02T11:47:38.9317948+03:00 Задание 9000003160: исследование ЛИС ГЕ0235, код прибора=390, статус=NULL, попыток=0, результат=нет, решение=включён.
2026-10-02T11:47:38.9504649+03:00 Для 9000003160 найдено уникальных кодов задания из ЛИС: 3 [660,400,390].
2026-10-02T11:47:38.9668784+03:00 Задание 9000003160: кандидаты ЛИС=[660,400,390], коды S221=[660,400,390], блоков=1; ID Information=B, поле пациента='TEST MIKHAL IVA'.
2026-10-02T11:47:38.9847725+03:00 TX: S2210101U261002114700000504     9000003160BTEST MIKHAL IVA660      400      390      
2026-10-02T11:47:55.9075842+03:00 RX: D1210101U021026114700000504     9000003160BTEST MIKHAL IVA391******392******401******402******661******662******
2026-10-02T11:47:55.9594646+03:00 RX: DS210101U021026114700000504     9000003160BTEST MIKHAL IVA                                                                                          
2026-10-02T11:47:56.0199000+03:00 Получен DS21: информационный текст, результат не создаётся.
2026-10-02T12:01:01.4049917+03:00 RX: D1210101C0210261201REAG00  QC   CtlN507931M               402  806 652******882******
2026-10-02T12:01:01.4694320+03:00 RX: DS210101C0210261201REAG00  QC   CtlN507931M                                                                                                         
2026-10-02T12:01:01.4869087+03:00 Получен DS21: информационный текст, результат не создаётся.
2026-10-02T12:02:21.2447089+03:00 RX: D1210101C0210261202REAG00  QC   CtlP556730M               402  328 652  497 882  315 
2026-10-02T12:02:21.6638499+03:00 RX: DS210101C0210261202REAG00  QC   CtlP556730M                                                                                                         
2026-10-02T12:02:21.6825564+03:00 Получен DS21: информационный текст, результат не создаётся.
2026-10-02T12:48:29.4311728+03:00 RX: R2210101 021026124800000104     2248480500B               390      400      870      880      
2026-10-02T12:48:30.3036521+03:00 Задание 2248480500: исследование ЛИС ГЕ0215, код прибора=402, статус=NULL, попыток=0, результат=нет, решение=включён.
2026-10-02T12:48:30.3226199+03:00 Задание 2248480500: исследование ЛИС ГЕ0220, код прибора=нет, статус=NULL, попыток=0, результат=нет, решение=нет кода для прибора.
2026-10-02T12:48:30.3400843+03:00 Для 2248480500 найдено уникальных кодов задания из ЛИС: 1 [402].
2026-10-02T12:48:30.3846023+03:00 Задание 2248480500: кандидаты ЛИС=[402], коды S221=[400], блоков=1; ID Information=B, поле пациента='GRKIKYAN ARSEN'.
2026-10-02T12:48:30.4104244+03:00 TX: S2210101U261002124800000104     2248480500BGRKIKYAN ARSEN 400      
2026-10-02T12:54:36.5315803+03:00 RX: R2210101 021026125400000304     2248480500B               390      400      870      880      
2026-10-02T12:54:36.5565716+03:00 Задание 2248480500: исследование ЛИС ГЕ0215, код прибора=392, статус=NULL, попыток=0, результат=нет, решение=включён.
2026-10-02T12:54:36.5765763+03:00 Задание 2248480500: исследование ЛИС ГЕ0220, код прибора=нет, статус=NULL, попыток=0, результат=нет, решение=нет кода для прибора.
2026-10-02T12:54:36.5940111+03:00 Для 2248480500 найдено уникальных кодов задания из ЛИС: 1 [392].
2026-10-02T12:54:36.6118152+03:00 Задание 2248480500: кандидаты ЛИС=[392], коды S221=[390], блоков=1; ID Information=B, поле пациента='GRKIKYAN ARSEN'.
2026-10-02T12:54:36.6290015+03:00 TX: S2210101U261002125400000304     2248480500BGRKIKYAN ARSEN 390      
2026-10-02T12:54:47.3365514+03:00 RX: R2210101 021026125400000307     2248600300B               390      400      870      880      
2026-10-02T12:54:47.3709514+03:00 Задание 2248600300: исследование ЛИС ГЕ0215, код прибора=392, статус=NULL, попыток=0, результат=нет, решение=включён.
2026-10-02T12:54:47.3924140+03:00 Задание 2248600300: исследование ЛИС ГЕ0220, код прибора=нет, статус=NULL, попыток=0, результат=нет, решение=нет кода для прибора.
2026-10-02T12:54:47.4118684+03:00 Для 2248600300 найдено уникальных кодов задания из ЛИС: 1 [392].
2026-10-02T12:54:47.4340811+03:00 Задание 2248600300: кандидаты ЛИС=[392], коды S221=[390], блоков=1; ID Information=B, поле пациента='BERBENTSEV LEV'.
2026-10-02T12:54:47.4572867+03:00 TX: S2210101U261002125400000307     2248600300BBERBENTSEV LEV 390      
2026-10-02T13:00:01.4287174+03:00 RX: D1210101U021026130000000304     2248480500BGRKIKYAN ARSEN 39100781 392  286 
2026-10-02T13:00:01.5041237+03:00 RX: DS210101U021026130000000304     2248480500BGRKIKYAN ARSEN                                                                                           
2026-10-02T13:00:01.5246164+03:00 Получен DS21: информационный текст, результат не создаётся.
2026-10-02T13:00:41.1636482+03:00 RX: D1210101U021026130000000307     2248600300BBERBENTSEV LEV 39100064 392   02 
2026-10-02T13:00:41.2374810+03:00 RX: DS210101U021026130000000307     2248600300BBERBENTSEV LEV                                                                                           
2026-10-02T13:00:41.2889620+03:00 Получен DS21: информационный текст, результат не создаётся.
2026-10-02T13:03:21.3263256+03:00 RX: D1210101U021026130300000104     2248480500BGRKIKYAN ARSEN 40100187 402  769 
2026-10-02T13:03:21.3960536+03:00 RX: DS210101U021026130300000104     2248480500BGRKIKYAN ARSEN                                                                                           
2026-10-02T13:03:21.4154842+03:00 Получен DS21: информационный текст, результат не создаётся.
2026-10-02T13:36:00.1582347+03:00 RX: D1210101C0210261336REAG00  QC   CtlN507931M               392  800 
2026-10-02T13:36:00.2427720+03:00 RX: DS210101C0210261336REAG00  QC   CtlN507931M                                                                                                         
2026-10-02T13:36:00.2629486+03:00 Получен DS21: информационный текст, результат не создаётся.
2026-10-02T13:36:39.9269224+03:00 RX: D1210101C0210261336REAG00  QC   CtlP556730M               392  270 
2026-10-02T13:36:39.9886871+03:00 RX: DS210101C0210261336REAG00  QC   CtlP556730M                                                                                                         
2026-10-02T13:36:40.0062462+03:00 Получен DS21: информационный текст, результат не создаётся.
2026-10-02T13:47:07.8400222+03:00 RX: R2210101 021026134700000201     2248743200M               390      400      650      660      870      880      
2026-10-02T13:47:07.9024805+03:00 Задание 2248743200: исследование ЛИС ГЕ0110, код прибора=652, статус=NULL, попыток=0, результат=нет, решение=включён.
2026-10-02T13:47:07.9192605+03:00 Задание 2248743200: исследование ЛИС ГЕ0115, код прибора=нет, статус=NULL, попыток=0, результат=нет, решение=нет кода для прибора.
2026-10-02T13:47:07.9385306+03:00 Для 2248743200 найдено уникальных кодов задания из ЛИС: 1 [652].
2026-10-02T13:47:07.9716817+03:00 Задание 2248743200: кандидаты ЛИС=[652], коды S221=[650], блоков=1; ID Information=M, поле пациента='NIZHEGORODOVA K'.
2026-10-02T13:47:07.9941510+03:00 TX: S2210101U261002134700000201     2248743200MNIZHEGORODOVA K650      
2026-10-02T13:47:25.8133635+03:00 RX: R2210101 021026134700000203     2248724700M               390      400      650      660      870      880      
2026-10-02T13:47:25.8476791+03:00 Задание 2248724700: исследование ЛИС ГЕ0115, код прибора=нет, статус=NULL, попыток=0, результат=нет, решение=нет кода для прибора.
2026-10-02T13:47:25.8679378+03:00 Задание 2248724700: исследование ЛИС ГЕ0136, код прибора=нет, статус=NULL, попыток=0, результат=нет, решение=нет кода для прибора.
2026-10-02T13:47:25.8956429+03:00 Задание 2248724700: исследование ЛИС ГЕ0128, код прибора=нет, статус=NULL, попыток=0, результат=нет, решение=нет кода для прибора.
2026-10-02T13:47:25.9116898+03:00 Для 2248724700 найдено уникальных кодов задания из ЛИС: 0 [].
2026-10-02T13:47:25.9300696+03:00 Задание 2248724700: кандидаты ЛИС=[], коды S221=[000], блоков=1; ID Information=M, поле пациента='STEGUNOVA KSENI'.
2026-10-02T13:47:25.9455882+03:00 TX: S2210101U261002134700000203     2248724700MSTEGUNOVA KSENI000      
2026-10-02T13:48:02.6360021+03:00 RX: D1210101U261002134800000203     2248724700M               
2026-10-02T13:48:02.7018992+03:00 RX: DS210101U261002134800000203     2248724700M                                                                                                         
2026-10-02T13:48:02.7256467+03:00 Получен DS21: информационный текст, результат не создаётся.
2026-10-02T13:54:03.1987023+03:00 RX: D1210101U021026135400000205       IbrashimM               39100064 392   02 
2026-10-02T13:54:03.2646706+03:00 RX: DS210101U021026135400000205       IbrashimM                                                                                                         
2026-10-02T13:54:03.2883642+03:00 Получен DS21: информационный текст, результат не создаётся.
2026-10-02T13:55:43.2206180+03:00 RX: D1210101U021026135500000201     2248743200MNIZHEGORODOVA K65100232 652  618 
2026-10-02T13:55:43.2806882+03:00 RX: DS210101U021026135500000201     2248743200MNIZHEGORODOVA K                                                                                          
2026-10-02T13:55:43.3029717+03:00 Получен DS21: информационный текст, результат не создаётся.
2026-10-02T14:14:19.0061198+03:00 RX: D1210101U021026141400000408     2248480500M               391******392******
2026-10-02T14:14:19.0752768+03:00 RX: DS210101U021026141400000408     2248480500M                                                                                                         
2026-10-02T14:14:19.0978572+03:00 Получен DS21: информационный текст, результат не создаётся.
2026-10-02T14:40:47.3001033+03:00 RX: R2210101 021026144000000502     2248767400B               390      400      650      660      870      880      
2026-10-02T14:40:47.4013489+03:00 Задание 2248767400: исследование ЛИС ГЕ0235, код прибора=402, статус=NULL, попыток=0, результат=нет, решение=включён.
2026-10-02T14:40:47.4274306+03:00 Для 2248767400 найдено уникальных кодов задания из ЛИС: 1 [402].
2026-10-02T14:40:47.4645009+03:00 Задание 2248767400: кандидаты ЛИС=[402], коды S221=[400], блоков=1; ID Information=B, поле пациента='SKVORTSOVA EKAT'.
2026-10-02T14:40:47.4957724+03:00 TX: S2210101U261002144000000502     2248767400BSKVORTSOVA EKAT400      
2026-10-02T14:41:53.3697336+03:00 RX: D1210101U021026144100000508     2248480500M               391******392******
2026-10-02T14:41:53.4726684+03:00 RX: DS210101U021026144100000508     2248480500M                                                                                                         
2026-10-02T14:41:53.4952913+03:00 Получен DS21: информационный текст, результат не создаётся.
2026-10-02T14:42:47.4884790+03:00 RX: R2210101 021026144200000602     2248767400M               390      400      650      660      870      880      
2026-10-02T14:42:47.5146468+03:00 Задание 2248767400: исследование ЛИС ГЕ0235, код прибора=402, статус=NULL, попыток=0, результат=нет, решение=включён.
2026-10-02T14:42:47.5377194+03:00 Для 2248767400 найдено уникальных кодов задания из ЛИС: 1 [402].
2026-10-02T14:42:47.5597661+03:00 Задание 2248767400: кандидаты ЛИС=[402], коды S221=[400], блоков=1; ID Information=M, поле пациента='SKVORTSOVA EKAT'.
2026-10-02T14:42:47.5826689+03:00 TX: S2210101U261002144200000602     2248767400MSKVORTSOVA EKAT400      
2026-10-02T14:54:24.1212825+03:00 RX: D1210101U021026145400000502     2248767400BSKVORTSOVA EKAT40100285 402 1136 
2026-10-02T14:54:24.2076750+03:00 RX: DS210101U021026145400000502     2248767400BSKVORTSOVA EKAT                                                                                          
2026-10-02T14:54:24.2293416+03:00 Получен DS21: информационный текст, результат не создаётся.
2026-10-02T14:55:43.9214753+03:00 RX: D1210101U021026145500000602     2248767400MSKVORTSOVA EKAT40100291 402 1159 
2026-10-02T14:55:43.9770372+03:00 RX: DS210101U021026145500000602     2248767400MSKVORTSOVA EKAT                                                                                          
2026-10-02T14:55:44.0003808+03:00 Получен DS21: информационный текст, результат не создаётся.
2026-10-02T15:00:43.8565019+03:00 RX: D1210101U021026150000000705     2248480500M               39100661 392  239 
2026-10-02T15:00:43.9141406+03:00 RX: DS210101U021026150000000705     2248480500M                                                                                                         
2026-10-02T15:00:43.9386498+03:00 Получен DS21: информационный текст, результат не создаётся.
2026-10-02T16:30:31.4928419+03:00 RX: R2210101 021026163000000902     2248743200B               390      400      650      660      870      880      
2026-10-02T16:30:31.9189087+03:00 Задание 2248743200: исследование ЛИС ГЕ0110, код прибора=652, статус=NULL, попыток=0, результат=нет, решение=включён.
2026-10-02T16:30:31.9419142+03:00 Задание 2248743200: исследование ЛИС ГЕ0115, код прибора=882, статус=NULL, попыток=0, результат=нет, решение=включён.
2026-10-02T16:30:31.9630117+03:00 Для 2248743200 найдено уникальных кодов задания из ЛИС: 2 [652,882].
2026-10-02T16:30:32.0074310+03:00 Задание 2248743200: кандидаты ЛИС=[652,882], коды S221=[650,880], блоков=1; ID Information=B, поле пациента='NIZHEGORODOVA K'.
2026-10-02T16:30:32.0419183+03:00 TX: S2210101U261002163000000902     2248743200BNIZHEGORODOVA K650      880      
2026-10-02T16:30:38.5690636+03:00 RX: R2210101 021026163000000905     2248724700B               390      400      650      660      870      880      
2026-10-02T16:30:38.6036797+03:00 Задание 2248724700: исследование ЛИС ГЕ0115, код прибора=882, статус=NULL, попыток=0, результат=нет, решение=включён.
2026-10-02T16:30:38.6287458+03:00 Задание 2248724700: исследование ЛИС ГЕ0136, код прибора=нет, статус=NULL, попыток=0, результат=нет, решение=нет кода для прибора.
2026-10-02T16:30:38.6512685+03:00 Задание 2248724700: исследование ЛИС ГЕ0128, код прибора=нет, статус=NULL, попыток=0, результат=нет, решение=нет кода для прибора.
2026-10-02T16:30:38.6752752+03:00 Для 2248724700 найдено уникальных кодов задания из ЛИС: 1 [882].
2026-10-02T16:30:38.6997299+03:00 Задание 2248724700: кандидаты ЛИС=[882], коды S221=[880], блоков=1; ID Information=B, поле пациента='STEGUNOVA KSENI'.
2026-10-02T16:30:38.7246810+03:00 TX: S2210101U261002163000000905     2248724700BSTEGUNOVA KSENI880      
2026-10-02T16:32:17.7654394+03:00 RX: R2210101 021026163200001001     2248263900B               390      400      650      660      870      880      
2026-10-02T16:32:17.8008615+03:00 Задание 2248263900: исследование ЛИС ГЕ0110, код прибора=652, статус=NULL, попыток=0, результат=нет, решение=включён.
2026-10-02T16:32:17.8239724+03:00 Задание 2248263900: исследование ЛИС ГЕ0115, код прибора=882, статус=NULL, попыток=0, результат=нет, решение=включён.
2026-10-02T16:32:17.8570454+03:00 Задание 2248263900: исследование ЛИС ГЕ0020, код прибора=нет, статус=NULL, попыток=0, результат=есть, решение=уже есть результат.
2026-10-02T16:32:17.8933784+03:00 Задание 2248263900: исследование ЛИС ГЕ0050, код прибора=нет, статус=NULL, попыток=0, результат=есть, решение=уже есть результат.
2026-10-02T16:32:17.9282047+03:00 Для 2248263900 найдено уникальных кодов задания из ЛИС: 2 [652,882].
2026-10-02T16:32:33.8152487+03:00 RX: R2210101 021026163200001002     2248264400B               390      400      650      660      870      880      
2026-10-02T16:32:33.8525447+03:00 Задание 2248264400: исследование ЛИС ГЕ0110, код прибора=652, статус=NULL, попыток=0, результат=нет, решение=включён.
2026-10-02T16:32:33.8781527+03:00 Задание 2248264400: исследование ЛИС ГЕ0115, код прибора=882, статус=NULL, попыток=0, результат=нет, решение=включён.
2026-10-02T16:32:33.9167533+03:00 Задание 2248264400: исследование ЛИС ГЕ0020, код прибора=нет, статус=NULL, попыток=0, результат=есть, решение=уже есть результат.
2026-10-02T16:32:33.9546713+03:00 Задание 2248264400: исследование ЛИС ГЕ0050, код прибора=нет, статус=NULL, попыток=0, результат=есть, решение=уже есть результат.
2026-10-02T16:32:33.9986237+03:00 Для 2248264400 найдено уникальных кодов задания из ЛИС: 2 [652,882].
2026-10-02T16:32:49.8671989+03:00 RX: R2210101 021026163200001003     2248276000B               390      400      650      660      870      880      
2026-10-02T16:32:49.9096942+03:00 Задание 2248276000: исследование ЛИС ГЕ0110, код прибора=652, статус=NULL, попыток=0, результат=нет, решение=включён.
2026-10-02T16:32:49.9494117+03:00 Задание 2248276000: исследование ЛИС ГЕ0115, код прибора=882, статус=NULL, попыток=0, результат=нет, решение=включён.
2026-10-02T16:32:49.9849123+03:00 Задание 2248276000: исследование ЛИС ГЕ0020, код прибора=нет, статус=NULL, попыток=0, результат=есть, решение=уже есть результат.
2026-10-02T16:32:50.0214794+03:00 Задание 2248276000: исследование ЛИС ГЕ0050, код прибора=нет, статус=NULL, попыток=0, результат=есть, решение=уже есть результат.
2026-10-02T16:32:50.0589237+03:00 Для 2248276000 найдено уникальных кодов задания из ЛИС: 2 [652,882].
2026-10-02T16:35:47.5448728+03:00 RX: D1210101U021026163500000905     2248724700BSTEGUNOVA KSENI88101607 882  664 
2026-10-02T16:35:47.6687641+03:00 RX: DS210101U021026163500000905     2248724700BSTEGUNOVA KSENI                                                                                          
2026-10-02T16:35:47.7088160+03:00 Получен DS21: информационный текст, результат не создаётся.
2026-10-02T16:39:07.5474486+03:00 RX: D1210101U021026163900000902     2248743200BNIZHEGORODOVA K65100233 652  620 88101254 882  556 
2026-10-02T16:39:07.6212809+03:00 RX: DS210101U021026163900000902     2248743200BNIZHEGORODOVA K                                                                                          
2026-10-02T16:39:07.6460474+03:00 Получен DS21: информационный текст, результат не создаётся.
2026-10-02T17:19:22.1249059+03:00 RX: R2210101 021026171900000102     2248623400B               390      400      650      660      870      880      
2026-10-02T17:19:22.1840530+03:00 Задание 2248623400: исследование ЛИС ГЕ0110, код прибора=652, статус=NULL, попыток=0, результат=нет, решение=включён.
2026-10-02T17:19:22.2079537+03:00 Задание 2248623400: исследование ЛИС ГЕ0115, код прибора=882, статус=NULL, попыток=0, результат=нет, решение=включён.
2026-10-02T17:19:22.2287894+03:00 Задание 2248623400: исследование ЛИС ГЕ0020, код прибора=нет, статус=NULL, попыток=0, результат=есть, решение=уже есть результат.
2026-10-02T17:19:22.2516499+03:00 Задание 2248623400: исследование ЛИС ГЕ0020, код прибора=нет, статус=NULL, попыток=0, результат=есть, решение=уже есть результат.
2026-10-02T17:19:22.2744224+03:00 Задание 2248623400: исследование ЛИС ГЕ0020, код прибора=нет, статус=NULL, попыток=0, результат=есть, решение=уже есть результат.
2026-10-02T17:19:22.2986634+03:00 Задание 2248623400: исследование ЛИС ГЕ0050, код прибора=нет, статус=NULL, попыток=0, результат=есть, решение=уже есть результат.
2026-10-02T17:19:22.3206887+03:00 Задание 2248623400: исследование ЛИС ГЕ0050, код прибора=нет, статус=NULL, попыток=0, результат=есть, решение=уже есть результат.
2026-10-02T17:19:22.3449096+03:00 Для 2248623400 найдено уникальных кодов задания из ЛИС: 2 [652,882].
2026-10-02T17:19:37.1503012+03:00 RX: R2210101 021026171900000103     2248624200B               390      400      650      660      870      880      
2026-10-02T17:19:37.1958636+03:00 Задание 2248624200: исследование ЛИС ГЕ0110, код прибора=652, статус=NULL, попыток=0, результат=нет, решение=включён.
2026-10-02T17:19:37.2367732+03:00 Задание 2248624200: исследование ЛИС ГЕ0115, код прибора=882, статус=NULL, попыток=0, результат=нет, решение=включён.
2026-10-02T17:19:37.2769716+03:00 Задание 2248624200: исследование ЛИС ГЕ0020, код прибора=нет, статус=NULL, попыток=0, результат=есть, решение=уже есть результат.
2026-10-02T17:19:37.3179977+03:00 Задание 2248624200: исследование ЛИС ГЕ0050, код прибора=нет, статус=NULL, попыток=0, результат=есть, решение=уже есть результат.
2026-10-02T17:19:37.3399405+03:00 Для 2248624200 найдено уникальных кодов задания из ЛИС: 2 [652,882].
2026-10-02T17:19:53.1822552+03:00 RX: R2210101 021026171900000104     2248625500B               390      400      650      660      870      880      
2026-10-02T17:19:53.2119679+03:00 Задание 2248625500: исследование ЛИС ГЕ0110, код прибора=652, статус=NULL, попыток=0, результат=нет, решение=включён.
2026-10-02T17:19:53.2320665+03:00 Задание 2248625500: исследование ЛИС ГЕ0115, код прибора=882, статус=NULL, попыток=0, результат=нет, решение=включён.
2026-10-02T17:19:53.2536543+03:00 Задание 2248625500: исследование ЛИС ГЕ0020, код прибора=нет, статус=NULL, попыток=0, результат=есть, решение=уже есть результат.
2026-10-02T17:19:53.2755216+03:00 Задание 2248625500: исследование ЛИС ГЕ0050, код прибора=нет, статус=NULL, попыток=0, результат=есть, решение=уже есть результат.
2026-10-02T17:19:53.2961988+03:00 Для 2248625500 найдено уникальных кодов задания из ЛИС: 2 [652,882].
2026-10-02T17:25:17.7036985+03:00 RX: R2210101 021026172500000202     2248623400B               390      400      650      660      870      880      
2026-10-02T17:25:17.7625311+03:00 Задание 2248623400: исследование ЛИС ГЕ0110, код прибора=652, статус=NULL, попыток=0, результат=нет, решение=включён.
2026-10-02T17:25:17.7850225+03:00 Задание 2248623400: исследование ЛИС ГЕ0115, код прибора=882, статус=NULL, попыток=0, результат=нет, решение=включён.
2026-10-02T17:25:17.8096146+03:00 Задание 2248623400: исследование ЛИС ГЕ0020, код прибора=нет, статус=NULL, попыток=0, результат=есть, решение=уже есть результат.
2026-10-02T17:25:17.8370762+03:00 Задание 2248623400: исследование ЛИС ГЕ0020, код прибора=нет, статус=NULL, попыток=0, результат=есть, решение=уже есть результат.
2026-10-02T17:25:17.8597625+03:00 Задание 2248623400: исследование ЛИС ГЕ0020, код прибора=нет, статус=NULL, попыток=0, результат=есть, решение=уже есть результат.
2026-10-02T17:25:17.8836204+03:00 Задание 2248623400: исследование ЛИС ГЕ0050, код прибора=нет, статус=NULL, попыток=0, результат=есть, решение=уже есть результат.
2026-10-02T17:25:17.9052534+03:00 Задание 2248623400: исследование ЛИС ГЕ0050, код прибора=нет, статус=NULL, попыток=0, результат=есть, решение=уже есть результат.
2026-10-02T17:25:17.9279242+03:00 Для 2248623400 найдено уникальных кодов задания из ЛИС: 2 [652,882].
2026-10-02T17:25:33.7432458+03:00 RX: R2210101 021026172500000203     2248624200B               390      400      650      660      870      880      
2026-10-02T17:25:33.7760509+03:00 Задание 2248624200: исследование ЛИС ГЕ0110, код прибора=652, статус=NULL, попыток=0, результат=нет, решение=включён.
2026-10-02T17:25:33.8055410+03:00 Задание 2248624200: исследование ЛИС ГЕ0115, код прибора=882, статус=NULL, попыток=0, результат=нет, решение=включён.
2026-10-02T17:25:33.8302790+03:00 Задание 2248624200: исследование ЛИС ГЕ0020, код прибора=нет, статус=NULL, попыток=0, результат=есть, решение=уже есть результат.
2026-10-02T17:25:33.8534923+03:00 Задание 2248624200: исследование ЛИС ГЕ0050, код прибора=нет, статус=NULL, попыток=0, результат=есть, решение=уже есть результат.
2026-10-02T17:25:33.8801243+03:00 Для 2248624200 найдено уникальных кодов задания из ЛИС: 2 [652,882].
2026-10-02T17:25:49.7560366+03:00 RX: R2210101 021026172500000204     2248625500B               390      400      650      660      870      880      
2026-10-02T17:25:49.7833874+03:00 Задание 2248625500: исследование ЛИС ГЕ0110, код прибора=652, статус=NULL, попыток=0, результат=нет, решение=включён.
2026-10-02T17:25:49.8054933+03:00 Задание 2248625500: исследование ЛИС ГЕ0115, код прибора=882, статус=NULL, попыток=0, результат=нет, решение=включён.
2026-10-02T17:25:49.8292462+03:00 Задание 2248625500: исследование ЛИС ГЕ0020, код прибора=нет, статус=NULL, попыток=0, результат=есть, решение=уже есть результат.
2026-10-02T17:25:49.8512733+03:00 Задание 2248625500: исследование ЛИС ГЕ0050, код прибора=нет, статус=NULL, попыток=0, результат=есть, решение=уже есть результат.
2026-10-02T17:25:49.8717996+03:00 Для 2248625500 найдено уникальных кодов задания из ЛИС: 2 [652,882].
2026-10-02T17:26:05.7843347+03:00 RX: R2210101 021026172600000205     2248696200B               390      400      650      660      870      880      
2026-10-02T17:26:05.8107463+03:00 Задание 2248696200: исследование ЛИС ГЕ0110, код прибора=652, статус=NULL, попыток=0, результат=нет, решение=включён.
2026-10-02T17:26:05.8302195+03:00 Задание 2248696200: исследование ЛИС ГЕ0115, код прибора=882, статус=NULL, попыток=0, результат=нет, решение=включён.
2026-10-02T17:26:05.8673103+03:00 Задание 2248696200: исследование ЛИС ГЕ0020, код прибора=нет, статус=NULL, попыток=0, результат=есть, решение=уже есть результат.
2026-10-02T17:26:05.9033581+03:00 Задание 2248696200: исследование ЛИС ГЕ0050, код прибора=нет, статус=NULL, попыток=0, результат=есть, решение=уже есть результат.
2026-10-02T17:26:05.9247673+03:00 Для 2248696200 найдено уникальных кодов задания из ЛИС: 2 [652,882].
2026-10-02T17:45:47.1428220+03:00 RX: D1210101U021026174500000102     2248263900M               651******652******881******882******
2026-10-02T17:45:47.2169281+03:00 RX: DS210101U021026174500000102     2248263900M                                                                                                         
2026-10-02T17:45:47.2571115+03:00 Получен DS21: информационный текст, результат не создаётся.
2026-10-02T17:52:39.9370050+03:00 RX: D1210101U021026175200000101     2248263900M               65100192 652  542 88101480 882  625 
2026-10-02T17:52:40.0123279+03:00 RX: DS210101U021026175200000101     2248263900M                                                                                                         
2026-10-02T17:52:40.0345830+03:00 Получен DS21: информационный текст, результат не создаётся.
2026-10-02T17:53:39.9204147+03:00 RX: D1210101U021026175300000103     2248276000M               65100441 652 1020 88102491 882 1007 
2026-10-02T17:53:39.9891377+03:00 RX: DS210101U021026175300000103     2248276000M                                                                                                         
2026-10-02T17:53:40.0126639+03:00 Получен DS21: информационный текст, результат не создаётся.
2026-10-02T17:54:59.9185565+03:00 RX: D1210101U021026175500000104     2248417700M               65100804 652 1824 88103840 882 1934 
2026-10-02T17:54:59.9935142+03:00 RX: DS210101U021026175500000104     2248417700M                                                                                                         
2026-10-02T17:55:00.0154191+03:00 Получен DS21: информационный текст, результат не создаётся.
2026-10-02T17:57:19.9135446+03:00 RX: D1210101U021026175700000105     2248735100M               65100358 652  859 88102784 882 1146 
2026-10-02T17:57:19.9838353+03:00 RX: DS210101U021026175700000105     2248735100M                                                                                                         
2026-10-02T17:57:20.0057909+03:00 Получен DS21: информационный текст, результат не создаётся.
2026-10-02T17:59:39.9064889+03:00 RX: D1210101U021026175900000106     2248419600M               65100805 652 1826 88103739 882 1849 
2026-10-02T17:59:39.9811954+03:00 RX: DS210101U021026175900000106     2248419600M                                                                                                         
2026-10-02T17:59:40.0048595+03:00 Получен DS21: информационный текст, результат не создаётся.
2026-10-02T18:01:59.9099948+03:00 RX: D1210101U021026180200000107     2248623400M               65100292 652  731 88101694 882  691 
2026-10-02T18:01:59.9850681+03:00 RX: DS210101U021026180200000107     2248623400M                                                                                                         
2026-10-02T18:02:00.0133969+03:00 Получен DS21: информационный текст, результат не создаётся.
2026-10-02T18:04:19.9163184+03:00 RX: D1210101U021026180400000108     2248624200M               65100194 652  546 88101222 882  546 
2026-10-02T18:04:19.9694492+03:00 RX: DS210101U021026180400000108     2248624200M                                                                                                         
2026-10-02T18:04:19.9922416+03:00 Получен DS21: информационный текст, результат не создаётся.
2026-10-02T18:06:39.9814071+03:00 RX: D1210101U021026180600000109     2248625500M               65100647 652 1453 88103477 882 1627 
2026-10-02T18:06:40.0460636+03:00 RX: DS210101U021026180600000109     2248625500M                                                                                                         
2026-10-02T18:06:40.0696985+03:00 Получен DS21: информационный текст, результат не создаётся.
2026-10-02T18:08:59.9447080+03:00 RX: D1210101U021026180900000110     2248696200M               65100491 652 1117 88102872 882 1188 
2026-10-02T18:09:00.0214586+03:00 RX: DS210101U021026180900000110     2248696200M                                                                                                         
2026-10-02T18:09:00.0449425+03:00 Получен DS21: информационный текст, результат не создаётся.
2026-10-02T18:23:05.3015386+03:00 RX: D1210101U021026182300000204   Berbentsev_kM               39101038 392  388 
2026-10-02T18:23:05.3633355+03:00 RX: DS210101U021026182300000204   Berbentsev_kM                                                                                                         
2026-10-02T18:23:05.3884239+03:00 Получен DS21: информационный текст, результат не создаётся.
2026-10-02T18:23:45.2468582+03:00 RX: D1210101U021026182300000205 Berbentsev_mixM               39100961 392  358 
2026-10-02T18:23:45.3176452+03:00 RX: DS210101U021026182300000205 Berbentsev_mixM                                                                                                         
2026-10-02T18:23:45.3395942+03:00 Получен DS21: информационный текст, результат не создаётся.
2026-10-02T18:24:25.2769268+03:00 RX: D1210101U021026182400000201     2248264400M               65100021 652  100<88100060 882  150<
2026-10-02T18:24:25.3493783+03:00 RX: DS210101U021026182400000201     2248264400M                                                                                                         
2026-10-02T18:24:25.3736361+03:00 Получен DS21: информационный текст, результат не создаётся.
2026-10-02T18:27:05.1219824+03:00 RX: D1210101U021026182700000207     Ibrishim_kM               39101040 392  389 
2026-10-02T18:27:05.1783335+03:00 RX: DS210101U021026182700000207     Ibrishim_kM                                                                                                         
2026-10-02T18:27:05.2012675+03:00 Получен DS21: информационный текст, результат не создаётся.
2026-10-02T18:27:45.2583076+03:00 RX: D1210101U021026182700000208   Ibrishim_mixM               39100065 392   03 
2026-10-02T18:27:45.3279481+03:00 RX: DS210101U021026182700000208   Ibrishim_mixM                                                                                                         
2026-10-02T18:27:45.3502929+03:00 Получен DS21: информационный текст, результат не создаётся.
2026-10-02T18:27:58.1521514+03:00 RX: R2210101 021026182700000404  ERR0000000001A               390      400      650      660      870      880      
2026-10-02T18:27:58.1926919+03:00 Задание ERR0000000001: кандидаты ЛИС=[], коды S221=[999], блоков=1; ID Information=A, поле пациента=''.
2026-10-02T18:27:58.2212233+03:00 TX: S2210101U261002182700000404  ERR0000000001A               999      
2026-10-02T18:35:25.3113995+03:00 RX: D1210101U021026183500000401     2248264400M               66100056 662   64 87100538 872   93 
2026-10-02T18:35:25.3858106+03:00 RX: DS210101U021026183500000401     2248264400M                                                                                                         
2026-10-02T18:35:25.4068661+03:00 Получен DS21: информационный текст, результат не создаётся.
2026-10-02T18:36:45.3456265+03:00 RX: D1210101U021026183600000303     2248573900M               40100205 402  836 
2026-10-02T18:36:45.4177409+03:00 RX: DS210101U021026183600000303     2248573900M                                                                                                         
2026-10-02T18:36:45.4398235+03:00 Получен DS21: информационный текст, результат не создаётся.
2026-10-02T18:37:05.2518027+03:00 RX: D1210101U021026183700000501     Ibrishim_2M               39100139 392   32 
2026-10-02T18:37:05.3119264+03:00 RX: DS210101U021026183700000501     Ibrishim_2M                                                                                                         
2026-10-02T18:37:05.3362279+03:00 Получен DS21: информационный текст, результат не создаётся.
2026-10-02T18:37:45.2533496+03:00 RX: D1210101U021026183700000502     Ibrishim_4M               39100350 392  114 
2026-10-02T18:37:45.3083585+03:00 RX: DS210101U021026183700000502     Ibrishim_4M                                                                                                         
2026-10-02T18:37:45.3451450+03:00 Получен DS21: информационный текст, результат не создаётся.
2026-10-02T18:38:25.2560639+03:00 RX: D1210101U021026183800000503     Ibrishim_8M               39100614 392  220 
2026-10-02T18:38:25.3225849+03:00 RX: DS210101U021026183800000503     Ibrishim_8M                                                                                                         
2026-10-02T18:38:25.3786376+03:00 Получен DS21: информационный текст, результат не создаётся.
2026-10-02T18:39:05.2458196+03:00 RX: D1210101U021026183900000504    Ibrishim_16M               39100784 392  287 
2026-10-02T18:39:05.3259891+03:00 RX: DS210101U021026183900000504    Ibrishim_16M                                                                                                         
2026-10-02T18:39:05.3489633+03:00 Получен DS21: информационный текст, результат не создаётся.
2026-10-02T19:00:28.6953947+03:00 RX: D1210101U021026190000000604     2248735100M               65100286 652  719 66100939 662----->87103173 872----->88102068 882  831 
2026-10-02T19:00:28.7588695+03:00 RX: DS210101U021026190000000604     2248735100M                                                                                                         
2026-10-02T19:00:28.8051004+03:00 Получен DS21: информационный текст, результат не создаётся.
2026-10-02T19:29:00.5021670+03:00 RX: D1210101U021026192900000704     2248735100M               65100296 652  739 88102181 882  876 
2026-10-02T19:29:00.5776492+03:00 RX: DS210101U021026192900000704     2248735100M                                                                                                         
2026-10-02T19:29:00.6153404+03:00 Получен DS21: информационный текст, результат не создаётся.
2026-10-02T19:33:40.3630227+03:00 RX: D1210101U021026193300000803     Grkikyan_kM               39101143 392  431 
2026-10-02T19:33:40.4350104+03:00 RX: DS210101U021026193300000803     Grkikyan_kM                                                                                                         
2026-10-02T19:33:40.4613670+03:00 Получен DS21: информационный текст, результат не создаётся.
2026-10-02T19:34:20.3595366+03:00 RX: D1210101U021026193400000804   Grkikyan_mixM               39100956 392  356 
2026-10-02T19:34:20.4209167+03:00 RX: DS210101U021026193400000804   Grkikyan_mixM                                                                                                         
2026-10-02T19:34:20.4420528+03:00 Получен DS21: информационный текст, результат не создаётся.
